{
  "InitTime": "0001-01-01T00:00:00Z",
  "Options": {
    "DefaultContentType": "application/json",
    "ContentTypes": [
      "text/html",
      "application/json"
    ],
    "GormOptions": null
  },
  "Events": {
    "EnableLock": true,
    "ChannelSize": 100,
    "ConsumerNum": 3,
    "MatchMode": 0
  },
  "Configuration": {},
  "Plugins": [
    {
      "Name": "bolo"
    }
  ],
  "Models": {},
  "Resources": {},
  "RolesString": "{\n\t\"administrator\": {\n\t\t\"name\": \"administrator\",\n\t\t\"permissions\": [],\n\t\t\"canAddInUsers\": true,\n\t\t\"isSystemRole\": true\n\t},\n\t\"authenticated\": {\n\t\t\"name\": \"authenticated\",\n\t\t\"permissions\": [],\n\t\t\"isSystemRole\": true\n\t},\n\t\"unAuthenticated\": {\n\t\t\"name\": \"unAuthenticated\",\n\t\t\"permissions\": [],\n\t\t\"isSystemRole\": true\n\t},\n\t\"owner\": {\n\t\t\"name\": \"owner\",\n\t\t\"permissions\": [],\n\t\t\"isSystemRole\": true\n\t}}",
  "RolesList": {
    "administrator": {
      "name": "administrator",
      "permissions": [],
      "canAddInUsers": true,
      "isSystemRole": true
    },
    "authenticated": {
      "name": "authenticated",
      "permissions": [],
      "canAddInUsers": false,
      "isSystemRole": true
    },
    "owner": {
      "name": "owner",
      "permissions": [],
      "canAddInUsers": false,
      "isSystemRole": true
    },
    "unAuthenticated": {
      "name": "unAuthenticated",
      "permissions": [],
      "canAddInUsers": false,
      "isSystemRole": true
    }
  },
  "Theme": "site",
  "Layout": "layouts/default"
}