{
  "Data": {
    "url": {
      "createdAt": "0001-01-01T00:00:00Z",
      "creatorId": null,
      "id": 13,
      "path": "",
      "title": "",
      "updatedAt": "0001-01-01T00:00:00Z"
    }
  },
  "Status": 0
}